// Jest Snapshot v1, https://goo.gl/fbAQLP

exports[`Test de Gif Grid Item Debe mostrar Counter App correctamente 1`] = `ShallowWrapper {}`;
